Startpoint: _358_ (rising edge-triggered flip-flop clocked by clk)
Endpoint: _358_ (rising edge-triggered flip-flop clocked by clk)
Path Group: clk
Path Type: min

  Delay    Time   Description
---------------------------------------------------------
   0.00    0.00   clock clk (rise edge)
   0.33    0.33   clock network delay (propagated)
   0.00    0.33 ^ _358_/CLK (sky130_fd_sc_hd__dfstp_2)
   0.39    0.71 v _358_/Q (sky130_fd_sc_hd__dfstp_2)
   0.04    0.76 ^ _214_/Y (sky130_fd_sc_hd__nand2_1)
   0.04    0.80 v _216_/Y (sky130_fd_sc_hd__nand2_1)
   0.00    0.80 v _358_/D (sky130_fd_sc_hd__dfstp_2)
           0.80   data arrival time

   0.00    0.00   clock clk (rise edge)
   0.33    0.33   clock network delay (propagated)
   0.20    0.53   clock uncertainty
   0.00    0.53   clock reconvergence pessimism
           0.53 ^ _358_/CLK (sky130_fd_sc_hd__dfstp_2)
   0.01    0.54   library hold time
           0.54   data required time
---------------------------------------------------------
           0.54   data required time
          -0.80   data arrival time
---------------------------------------------------------
           0.26   slack (MET)


