Startpoint: _352_ (rising edge-triggered flip-flop clocked by clk)
Endpoint: tx (output port clocked by clk)
Path Group: clk
Path Type: max

  Delay    Time   Description
---------------------------------------------------------
   0.00    0.00   clock clk (rise edge)
   0.33    0.33   clock network delay (propagated)
   0.00    0.33 ^ _352_/CLK (sky130_fd_sc_hd__dfstp_2)
   0.71    1.04 ^ _352_/Q (sky130_fd_sc_hd__dfstp_2)
   0.00    1.04 ^ tx (out)
           1.04   data arrival time

  20.00   20.00   clock clk (rise edge)
   0.00   20.00   clock network delay (propagated)
  -0.20   19.80   clock uncertainty
   0.00   19.80   clock reconvergence pessimism
  -2.00   17.80   output external delay
          17.80   data required time
---------------------------------------------------------
          17.80   data required time
          -1.04   data arrival time
---------------------------------------------------------
          16.76   slack (MET)


